Generation output:
Generating new project

C:\ProjekteSF47\SFAutorisierung>echo off 
generating new project "SFAutorisierung"
Install angular/cli@8 - Installing angular/cli version 8

> @angular/cli@8.3.29 postinstall C:\ProjekteSF47\SFAutorisierung\output\node_modules\@angular\cli
> node ./bin/postinstall/script.js

+ @angular/cli@8.3.29
added 262 packages from 186 contributors and audited 262 packages in 14.97s

30 packages are looking for funding
  run `npm fund` for details

found 2 low severity vulnerabilities
  run `npm audit fix` to fix them, or `npm audit` for details
CREATE SFAutorisierung/angular.json (3665 bytes)
CREATE SFAutorisierung/package.json (1301 bytes)
CREATE SFAutorisierung/README.md (1033 bytes)
CREATE SFAutorisierung/tsconfig.json (543 bytes)
CREATE SFAutorisierung/tslint.json (1953 bytes)
CREATE SFAutorisierung/.editorconfig (246 bytes)
CREATE SFAutorisierung/.gitignore (631 bytes)
CREATE SFAutorisierung/browserslist (429 bytes)
CREATE SFAutorisierung/karma.conf.js (1027 bytes)
CREATE SFAutorisierung/tsconfig.app.json (270 bytes)
CREATE SFAutorisierung/tsconfig.spec.json (270 bytes)
CREATE SFAutorisierung/src/favicon.ico (948 bytes)
CREATE SFAutorisierung/src/index.html (301 bytes)
CREATE SFAutorisierung/src/main.ts (372 bytes)
CREATE SFAutorisierung/src/polyfills.ts (2838 bytes)
CREATE SFAutorisierung/src/styles.css (80 bytes)
CREATE SFAutorisierung/src/test.ts (642 bytes)
CREATE SFAutorisierung/src/assets/.gitkeep (0 bytes)
CREATE SFAutorisierung/src/environments/environment.prod.ts (51 bytes)
CREATE SFAutorisierung/src/environments/environment.ts (662 bytes)
CREATE SFAutorisierung/src/app/app.module.ts (314 bytes)
CREATE SFAutorisierung/src/app/app.component.html (25498 bytes)
CREATE SFAutorisierung/src/app/app.component.spec.ts (1008 bytes)
CREATE SFAutorisierung/src/app/app.component.ts (219 bytes)
CREATE SFAutorisierung/src/app/app.component.css (0 bytes)
CREATE SFAutorisierung/e2e/protractor.conf.js (808 bytes)
CREATE SFAutorisierung/e2e/tsconfig.json (214 bytes)
CREATE SFAutorisierung/e2e/src/app.e2e-spec.ts (648 bytes)
CREATE SFAutorisierung/e2e/src/app.po.ts (262 bytes)

> core-js@3.6.4 postinstall C:\ProjekteSF47\SFAutorisierung\output\SFAutorisierung\node_modules\core-js
> node -e "try{require('./postinstall')}catch(e){}"


> core-js@2.6.12 postinstall C:\ProjekteSF47\SFAutorisierung\output\SFAutorisierung\node_modules\karma\node_modules\core-js
> node -e "try{require('./postinstall')}catch(e){}"


> @angular/cli@8.3.29 postinstall C:\ProjekteSF47\SFAutorisierung\output\SFAutorisierung\node_modules\@angular\cli
> node ./bin/postinstall/script.js

added 1307 packages from 1055 contributors and audited 1315 packages in 35.895s

59 packages are looking for funding
  run `npm fund` for details

found 5 vulnerabilities (4 low, 1 moderate)
  run `npm audit fix` to fix them, or `npm audit` for details
adding Magic support`
[V-CLI] cmd.exe /c ng add @magic-xpa/cli@4.701.0 --project=SFAutorisierung --skipHelp --angularVersion=4.701.0 --cliVersion=4.701.0
Installing packages for tooling via npm.
Installed packages for tooling via npm.
   [V - add install dependencies !] options.cliVersion=4.701.0
   [V - add install dependencies !] options.angularVersion=4.701.0
    [>] Add devDependencies @types/stacktrace-js ^0.0.32
    [>] Add devDependencies @magic-xpa/cli 4.701.0
    [>] Install dependencies.
UPDATE package.json (1406 bytes)
added 1 package from 2 contributors and audited 1329 packages in 8.558s

59 packages are looking for funding
  run `npm fund` for details

found 6 vulnerabilities (5 low, 1 moderate)
  run `npm audit fix` to fix them, or `npm audit` for details
    [>] Add dependencies @angular/material ^8.0.0
    [>] Add dependencies @angular/cdk ^8.0.0
    [>] Add dependencies @angular/animations ^8.0.0
    [>] Add dependencies font-awesome ^4.7.0
    [>] Add dependencies hammerjs ^2.0.8
    [>] Add dependencies ngx-infinite-scroll ^6.0.0
    [>] Add dependencies ng-dynamic-component ^3.0.0
    [>] Add dependencies @magic-xpa/angular 4.701.0
    [>] Install dependencies.
UPDATE package.json (1639 bytes)

> ngx-infinite-scroll@6.9.1 postinstall C:\ProjekteSF47\SFAutorisierung\output\SFAutorisierung\node_modules\ngx-infinite-scroll
> opencollective-postinstall || exit 0

added 28 packages from 113 contributors and audited 1357 packages in 15.513s

59 packages are looking for funding
  run `npm fund` for details

found 6 vulnerabilities (5 low, 1 moderate)
  run `npm audit fix` to fix them, or `npm audit` for details
DELETE src/app/app.component.html
DELETE src/favicon.ico
      [>]add file .//src/magic-styles.css to test
      [>]add file .//src/magic-styles.css to build
CREATE src/favicon.ico (4286 bytes)
CREATE src/magic-styles.css (2064 bytes)
CREATE src/app/app.component.html (44 bytes)
CREATE src/app/app.routes.ts (315 bytes)
CREATE src/app/magic/component-list.g.ts (105 bytes)
CREATE src/app/magic/magic.gen.lib.module.ts (2023 bytes)
UPDATE src/app/app.module.ts (854 bytes)
UPDATE angular.json (3750 bytes)
UPDATE tsconfig.app.json (295 bytes)
audited 1357 packages in 7.014s

59 packages are looking for funding
  run `npm fund` for details
Generation warnings/errors:
npm WARN deprecated request@2.88.2: request has been deprecated, see https://github.com/request/request/issues/3142
npm WARN deprecated har-validator@5.1.5: this library is no longer supported
npm WARN saveError ENOENT: no such file or directory, open 'C:\ProjekteSF47\SFAutorisierung\output\package.json'
npm notice created a lockfile as package-lock.json. You should commit this file.
npm WARN enoent ENOENT: no such file or directory, open 'C:\ProjekteSF47\SFAutorisierung\output\package.json'
npm WARN output No description
npm WARN output No repository field.
npm WARN output No README data
npm WARN output No license field.

Your global Angular CLI version (11.2.0) is greater than your local version (8.3.29). The local Angular CLI version is used.

To disable this warning use "ng config -g cli.warnings.versionMismatch false".
npm WARN deprecated core-js@2.6.12: core-js@<3 is no longer maintained and not recommended for usage due to the number of issues. Please, upgrade your dependencies to the actual version of core-js@3.
npm WARN deprecated fsevents@1.2.13: fsevents 1 will break on node v14+ and could be using insecure binaries. Upgrade to fsevents 2.
npm WARN deprecated request@2.88.2: request has been deprecated, see https://github.com/request/request/issues/3142
npm WARN deprecated har-validator@5.1.5: this library is no longer supported
npm WARN optional SKIPPING OPTIONAL DEPENDENCY: fsevents@~2.3.1 (node_modules\chokidar\node_modules\fsevents):
npm WARN notsup SKIPPING OPTIONAL DEPENDENCY: Unsupported platform for fsevents@2.3.2: wanted {"os":"darwin","arch":"any"} (current: {"os":"win32","arch":"x64"})
npm WARN optional SKIPPING OPTIONAL DEPENDENCY: fsevents@^1.2.7 (node_modules\watchpack-chokidar2\node_modules\chokidar\node_modules\fsevents):
npm WARN notsup SKIPPING OPTIONAL DEPENDENCY: Unsupported platform for fsevents@1.2.13: wanted {"os":"darwin","arch":"any"} (current: {"os":"win32","arch":"x64"})
npm WARN optional SKIPPING OPTIONAL DEPENDENCY: fsevents@^1.2.7 (node_modules\webpack-dev-server\node_modules\chokidar\node_modules\fsevents):
npm WARN notsup SKIPPING OPTIONAL DEPENDENCY: Unsupported platform for fsevents@1.2.13: wanted {"os":"darwin","arch":"any"} (current: {"os":"win32","arch":"x64"})
npm WARN optional SKIPPING OPTIONAL DEPENDENCY: fsevents@^1.2.7 (node_modules\@angular\compiler-cli\node_modules\chokidar\node_modules\fsevents):
npm WARN notsup SKIPPING OPTIONAL DEPENDENCY: Unsupported platform for fsevents@1.2.13: wanted {"os":"darwin","arch":"any"} (current: {"os":"win32","arch":"x64"})
npm WARN optional SKIPPING OPTIONAL DEPENDENCY: fsevents@^1.2.7 (node_modules\karma\node_modules\chokidar\node_modules\fsevents):
npm WARN notsup SKIPPING OPTIONAL DEPENDENCY: Unsupported platform for fsevents@1.2.13: wanted {"os":"darwin","arch":"any"} (current: {"os":"win32","arch":"x64"})
npm WARN karma-jasmine-html-reporter@1.5.4 requires a peer of jasmine-core@>=3.5 but none is installed. You must install peer dependencies yourself.

Your global Angular CLI version (11.2.0) is greater than your local version (8.3.29). The local Angular CLI version is used.

To disable this warning use "ng config -g cli.warnings.versionMismatch false".
npm WARN karma-jasmine-html-reporter@1.5.4 requires a peer of jasmine-core@>=3.5 but none is installed. You must install peer dependencies yourself.
npm WARN The package @magic-xpa/cli is included as both a dev and production dependency.
npm WARN optional SKIPPING OPTIONAL DEPENDENCY: fsevents@1.2.13 (node_modules\@angular\compiler-cli\node_modules\fsevents):
npm WARN notsup SKIPPING OPTIONAL DEPENDENCY: Unsupported platform for fsevents@1.2.13: wanted {"os":"darwin","arch":"any"} (current: {"os":"win32","arch":"x64"})
npm WARN optional SKIPPING OPTIONAL DEPENDENCY: fsevents@2.3.2 (node_modules\fsevents):
npm WARN notsup SKIPPING OPTIONAL DEPENDENCY: Unsupported platform for fsevents@2.3.2: wanted {"os":"darwin","arch":"any"} (current: {"os":"win32","arch":"x64"})
npm WARN optional SKIPPING OPTIONAL DEPENDENCY: fsevents@1.2.13 (node_modules\karma\node_modules\fsevents):
npm WARN notsup SKIPPING OPTIONAL DEPENDENCY: Unsupported platform for fsevents@1.2.13: wanted {"os":"darwin","arch":"any"} (current: {"os":"win32","arch":"x64"})
npm WARN optional SKIPPING OPTIONAL DEPENDENCY: fsevents@1.2.13 (node_modules\watchpack-chokidar2\node_modules\fsevents):
npm WARN notsup SKIPPING OPTIONAL DEPENDENCY: Unsupported platform for fsevents@1.2.13: wanted {"os":"darwin","arch":"any"} (current: {"os":"win32","arch":"x64"})
npm WARN optional SKIPPING OPTIONAL DEPENDENCY: fsevents@1.2.13 (node_modules\webpack-dev-server\node_modules\fsevents):
npm WARN notsup SKIPPING OPTIONAL DEPENDENCY: Unsupported platform for fsevents@1.2.13: wanted {"os":"darwin","arch":"any"} (current: {"os":"win32","arch":"x64"})

npm WARN deprecated @angular/http@7.2.16: Package no longer supported. Use @angular/common instead, see https://angular.io/guide/deprecations#angularhttp
npm WARN deprecated text-encoding@0.7.0: no longer maintained
Der Befehl "opencollective-postinstall" ist entweder falsch geschrieben oder
konnte nicht gefunden werden.
npm WARN karma-jasmine-html-reporter@1.5.4 requires a peer of jasmine-core@>=3.5 but none is installed. You must install peer dependencies yourself.
npm WARN ng-dynamic-component@3.1.2 requires a peer of @angular/common@^6.0.0 but none is installed. You must install peer dependencies yourself.
npm WARN ng-dynamic-component@3.1.2 requires a peer of @angular/core@^6.0.0 but none is installed. You must install peer dependencies yourself.
npm WARN @magic-xpa/angular@4.701.0 requires a peer of ng-dynamic-component@^5.0.0 but none is installed. You must install peer dependencies yourself.
npm WARN @magic-xpa/angular@4.701.0 requires a peer of rxjs@^6.5.2 but none is installed. You must install peer dependencies yourself.
npm WARN @angular/http@7.2.16 requires a peer of @angular/core@7.2.16 but none is installed. You must install peer dependencies yourself.
npm WARN @angular/http@7.2.16 requires a peer of @angular/platform-browser@7.2.16 but none is installed. You must install peer dependencies yourself.
npm WARN The package @magic-xpa/cli is included as both a dev and production dependency.
npm WARN optional SKIPPING OPTIONAL DEPENDENCY: fsevents@1.2.13 (node_modules\@angular\compiler-cli\node_modules\fsevents):
npm WARN notsup SKIPPING OPTIONAL DEPENDENCY: Unsupported platform for fsevents@1.2.13: wanted {"os":"darwin","arch":"any"} (current: {"os":"win32","arch":"x64"})
npm WARN optional SKIPPING OPTIONAL DEPENDENCY: fsevents@2.3.2 (node_modules\fsevents):
npm WARN notsup SKIPPING OPTIONAL DEPENDENCY: Unsupported platform for fsevents@2.3.2: wanted {"os":"darwin","arch":"any"} (current: {"os":"win32","arch":"x64"})
npm WARN optional SKIPPING OPTIONAL DEPENDENCY: fsevents@1.2.13 (node_modules\karma\node_modules\fsevents):
npm WARN notsup SKIPPING OPTIONAL DEPENDENCY: Unsupported platform for fsevents@1.2.13: wanted {"os":"darwin","arch":"any"} (current: {"os":"win32","arch":"x64"})
npm WARN optional SKIPPING OPTIONAL DEPENDENCY: fsevents@1.2.13 (node_modules\watchpack-chokidar2\node_modules\fsevents):
npm WARN notsup SKIPPING OPTIONAL DEPENDENCY: Unsupported platform for fsevents@1.2.13: wanted {"os":"darwin","arch":"any"} (current: {"os":"win32","arch":"x64"})
npm WARN optional SKIPPING OPTIONAL DEPENDENCY: fsevents@1.2.13 (node_modules\webpack-dev-server\node_modules\fsevents):
npm WARN notsup SKIPPING OPTIONAL DEPENDENCY: Unsupported platform for fsevents@1.2.13: wanted {"os":"darwin","arch":"any"} (current: {"os":"win32","arch":"x64"})

npm WARN @angular/http@7.2.16 requires a peer of @angular/core@7.2.16 but none is installed. You must install peer dependencies yourself.
npm WARN @angular/http@7.2.16 requires a peer of @angular/platform-browser@7.2.16 but none is installed. You must install peer dependencies yourself.
npm WARN @magic-xpa/angular@4.701.0 requires a peer of ng-dynamic-component@^5.0.0 but none is installed. You must install peer dependencies yourself.
npm WARN @magic-xpa/angular@4.701.0 requires a peer of rxjs@^6.5.2 but none is installed. You must install peer dependencies yourself.
npm WARN karma-jasmine-html-reporter@1.5.4 requires a peer of jasmine-core@>=3.5 but none is installed. You must install peer dependencies yourself.
npm WARN ng-dynamic-component@3.1.2 requires a peer of @angular/common@^6.0.0 but none is installed. You must install peer dependencies yourself.
npm WARN ng-dynamic-component@3.1.2 requires a peer of @angular/core@^6.0.0 but none is installed. You must install peer dependencies yourself.
npm WARN The package @magic-xpa/cli is included as both a dev and production dependency.
npm WARN optional SKIPPING OPTIONAL DEPENDENCY: fsevents@1.2.13 (node_modules\karma\node_modules\fsevents):
npm WARN notsup SKIPPING OPTIONAL DEPENDENCY: Unsupported platform for fsevents@1.2.13: wanted {"os":"darwin","arch":"any"} (current: {"os":"win32","arch":"x64"})
npm WARN optional SKIPPING OPTIONAL DEPENDENCY: fsevents@1.2.13 (node_modules\@angular\compiler-cli\node_modules\fsevents):
npm WARN notsup SKIPPING OPTIONAL DEPENDENCY: Unsupported platform for fsevents@1.2.13: wanted {"os":"darwin","arch":"any"} (current: {"os":"win32","arch":"x64"})
npm WARN optional SKIPPING OPTIONAL DEPENDENCY: fsevents@2.3.2 (node_modules\fsevents):
npm WARN notsup SKIPPING OPTIONAL DEPENDENCY: Unsupported platform for fsevents@2.3.2: wanted {"os":"darwin","arch":"any"} (current: {"os":"win32","arch":"x64"})
npm WARN optional SKIPPING OPTIONAL DEPENDENCY: fsevents@1.2.13 (node_modules\watchpack-chokidar2\node_modules\fsevents):
npm WARN notsup SKIPPING OPTIONAL DEPENDENCY: Unsupported platform for fsevents@1.2.13: wanted {"os":"darwin","arch":"any"} (current: {"os":"win32","arch":"x64"})
npm WARN optional SKIPPING OPTIONAL DEPENDENCY: fsevents@1.2.13 (node_modules\webpack-dev-server\node_modules\fsevents):
npm WARN notsup SKIPPING OPTIONAL DEPENDENCY: Unsupported platform for fsevents@1.2.13: wanted {"os":"darwin","arch":"any"} (current: {"os":"win32","arch":"x64"})



found 6 vulnerabilities (5 low, 1 moderate)
  run `npm audit fix` to fix them, or `npm audit` for details

Generate Route Map

C:\ProjekteSF47\SFAutorisierung\output\SFAutorisierung>echo off 
generating routes map
    routes length: 0
Nothing to be done.

Generation warnings/errors:
Your global Angular CLI version (11.2.0) is greater than your local version (8.3.29). The local Angular CLI version is used.

To disable this warning use "ng config -g cli.warnings.versionMismatch false".


 Generate Modules

C:\ProjekteSF47\SFAutorisierung\output\SFAutorisierung>echo off 
copying files



C:\ProjekteSF47\SFAutorisierung\output\SFAutorisierung>echo off 
generating modules
[V-CLI] cmd.exe /c ng g @magic-xpa/cli:modules
   Number of modules to be check for generate: 1
  [>]Handling Web Module named:   [WebAutorisierung]   isLoadOnDemand:   [true]
[ >] copy default Route file to webModule [WebAutorisierung]
Generation warnings/errors:
Your global Angular CLI version (11.2.0) is greater than your local version (8.3.29). The local Angular CLI version is used.

To disable this warning use "ng config -g cli.warnings.versionMismatch false".

         [>] add New Web Module    :[MagicRoutingModule] 
         [>]         from          :[./app.routes]
         [>]         To App Module :[.//src/app/magic/WebAutorisierung/magic.gen.lib.module.ts]
CREATE src/app/magic/WebAutorisierung/component-list.g.ts (105 bytes)
CREATE src/app/magic/WebAutorisierung/magic.gen.lib.module.ts (2109 bytes)
CREATE src/app/magic/WebAutorisierung/app.routes.ts (317 bytes)

Generate Components

C:\ProjekteSF47\SFAutorisierung\output\SFAutorisierung>echo off 
copying files



C:\ProjekteSF47\SFAutorisierung\output\SFAutorisierung>echo off 
generating components
[V-CLI] cmd.exe /c ng g @magic-xpa/cli:magic
[>]  ********************************* START    GENERATE *********************************
   Number of modules to be check for generate: 1
  [>]Handling Web Module named:   [WebAutorisierung]   isLoadOnDemand:   [true]
         [>] add New Web Module    :[MagicRoutingModule] 
         [>]         from          :[./app.routes]
         [>]         To App Module :[.//src/app/magic/WebAutorisierung/magic.gen.lib.module.ts]
[>]           ******    Start Web Module name : [WebAutorisierung]    *******
*** Step 1: Loading JSON files ***
[>] Loading JSON file .//magic-metadata/WebAutorisierung/WebAdminStart/WebAdminStart.json
Generation warnings/errors:
Your global Angular CLI version (11.2.0) is greater than your local version (8.3.29). The local Angular CLI version is used.

To disable this warning use "ng config -g cli.warnings.versionMismatch false".

[>] Loading JSON file .//magic-metadata/WebAutorisierung/WebAnmeldung/SuccessFlowAnmeldung.json
[>] Loading JSON file .//magic-metadata/WebAutorisierung/WebAnmeldung/letzte Anmeldung/letzteAnmeldung.json
[>] Loading JSON file .//magic-metadata/WebAutorisierung/WebAnmeldung/neue Anmeldung/neueAnmeldung.json
*** Step 2: Processing JSON files -  (4 components) ***
[>] Processing JSON file for component WebAdminStart
[>] Processing JSON file for component SuccessFlowAnmeldung
[>] Processing JSON file for component letzteAnmeldung
[>] Processing JSON file for component neueAnmeldung
*** Step 3: generate components. (4 components) ***
[>] generate component WebAdminStart
[>] generate component SuccessFlowAnmeldung
[>] generate component letzteAnmeldung
[>] generate component neueAnmeldung
[>] Step 4: components-list.
 Total old components: 0, added components: 4. 
[>] Creating LazyLoadModulesMap 
[>] Add  WebAnmeldung_SuccessFlowAnmeldung component to LazyLoadModulesMap
[>] Add  WebAnmeldung_letzte_Anmeldung_letzteAnmeldung component to LazyLoadModulesMap
[>] Add  WebAnmeldung_neue_Anmeldung_neueAnmeldung component to LazyLoadModulesMap
[>]  ********************************* E N D    GENERATE *********************************
CREATE src/app/magic/WebAutorisierung/WebAdminStart/WebAdminStart.mg.controls.g.ts (2296 bytes)
CREATE src/app/magic/WebAutorisierung/WebAdminStart/WebAdminStart.component.ts (705 bytes)
CREATE src/app/magic/WebAutorisierung/WebAdminStart/WebAdminStart.component.html (8997 bytes)
CREATE src/app/magic/WebAutorisierung/WebAnmeldung/SuccessFlowAnmeldung.mg.controls.g.ts (1881 bytes)
CREATE src/app/magic/WebAutorisierung/WebAnmeldung/SuccessFlowAnmeldung.component.ts (1872 bytes)
CREATE src/app/magic/WebAutorisierung/WebAnmeldung/SuccessFlowAnmeldung.component.html (5952 bytes)
CREATE src/app/magic/WebAutorisierung/WebAnmeldung/letzte Anmeldung/letzteAnmeldung.mg.controls.g.ts (733 bytes)
CREATE src/app/magic/WebAutorisierung/WebAnmeldung/letzte Anmeldung/letzteAnmeldung.component.ts (1807 bytes)
CREATE src/app/magic/WebAutorisierung/WebAnmeldung/letzte Anmeldung/letzteAnmeldung.component.html (623 bytes)
CREATE src/app/magic/WebAutorisierung/WebAnmeldung/neue Anmeldung/neueAnmeldung.mg.controls.g.ts (1504 bytes)
CREATE src/app/magic/WebAutorisierung/WebAnmeldung/neue Anmeldung/neueAnmeldung.component.ts (1781 bytes)
CREATE src/app/magic/WebAutorisierung/WebAnmeldung/neue Anmeldung/neueAnmeldung.component.html (5005 bytes)
UPDATE src/app/magic/WebAutorisierung/magic.gen.lib.module.ts (2109 bytes)
UPDATE src/app/magic/WebAutorisierung/component-list.g.ts (1128 bytes)
UPDATE src/app/magic/component-list.g.ts (763 bytes)
UPDATE src/app/magic/magic.gen.lib.module.ts (2105 bytes)
UPDATE angular.json (3862 bytes)



